
> reservas-menus@1.0.0 test
> vitest run


[1m[46m RUN [49m[22m [36mv4.0.18 [39m[90mC:/Users/rodri/Desktop/Aplicacion de reservas/backend[39m

[90mstdout[2m | tests/auth.test.ts
[22m[39m[dotenv@17.3.1] injecting env (0) from .env -- tip: ÔÜÖ´©Å  enable debug logging with { debug: true }

[90mstdout[2m | tests/auth.test.ts[2m > [22m[2mAuth Controller (Unit Tests)[2m > [22m[2mshould login with valid credentials
[22m[39m[2026-03-04T23:48:53.881Z] Login attempt: search=login@example.com

[90mstdout[2m | tests/auth.test.ts[2m > [22m[2mAuth Controller (Unit Tests)[2m > [22m[2mshould fail login with invalid credentials
[22m[39m[2026-03-04T23:48:53.885Z] Login attempt: search=nonexistent@example.com

 [31mÔØ»[39m tests/auth.test.ts [2m([22m[2m3 tests[22m[2m | [22m[31m3 failed[39m[2m)[22m[32m 13[2mms[22m[39m
[31m     [31m├ù[31m should register a new user successfully[39m[32m 6[2mms[22m[39m
[31m     [31m├ù[31m should login with valid credentials[39m[32m 5[2mms[22m[39m
[31m     [31m├ù[31m should fail login with invalid credentials[39m[32m 1[2mms[22m[39m
[90mstdout[2m | tests/reservation.test.ts
[22m[39m[dotenv@17.3.1] injecting env (0) from .env -- tip: ÔÜÖ´©Å  override existing env vars with { override: true }

 [31mÔØ»[39m tests/reservation.test.ts [2m([22m[2m2 tests[22m[2m | [22m[31m2 failed[39m[2m)[22m[32m 10[2mms[22m[39m
[31m     [31m├ù[31m should create a reservation successfully[39m[32m 4[2mms[22m[39m
[31m     [31m├ù[31m should fail if deadline has passed[39m[32m 5[2mms[22m[39m
 [32mÔ£ô[39m tests/sanity.test.ts [2m([22m[2m1 test[22m[2m)[22m[32m 2[2mms[22m[39m

[2m Test Files [22m [1m[31m2 failed[39m[22m[2m | [22m[1m[32m1 passed[39m[22m[90m (3)[39m
[2m      Tests [22m [1m[31m5 failed[39m[22m[2m | [22m[1m[32m1 passed[39m[22m[90m (6)[39m
[2m   Start at [22m 20:48:53
[2m   Duration [22m 850ms[2m (transform 105ms, setup 73ms, import 348ms, tests 25ms, environment 0ms)[22m

